// Jest Snapshot v1, https://goo.gl/fbAQLP

exports[`CartItem Match top snapshot 1`] = `
<div>
  <div
    class="css-6havx5"
  >
    <div
      class="css-13hz88"
    >
      <img
        class="chakra-image css-exprrl"
        src="https://static.nike.com/a/images/t_PDP_1280_v1/f_auto,q_auto:eco/d455e5b6-23e9-4f06-8b86-32610d838937/renew-run-3-road-running-shoes-395S7c.png"
      />
      <div
        class="css-0"
      >
        <h2
          class="chakra-heading css-navt0c"
        >
          Adidas T-Shirt
        </h2>
        <p
          class="chakra-text css-1r2n17h"
        >
          Adidas Menâ€™s T-Shirt
        </p>
      </div>
    </div>
    <div
      class="css-17xq282"
    >
      <div
        class="css-1en42kf"
      >
        <button
          aria-label="Button decrease quantity"
          class="chakra-button css-p7mkev"
          type="button"
        >
          <svg
            aria-hidden="true"
            fill="#000"
            focusable="false"
            height="16"
            viewBox="0 0 16 16"
            width="16"
            xmlns="http://www.w3.org/2000/svg"
          >
            <path
              d="m3.86 8.753 5.482 4.796c.646.566 1.658.106 1.658-.753V3.204a1 1 0 0 0-1.659-.753l-5.48 4.796a1 1 0 0 0 0 1.506z"
            />
          </svg>
        </button>
        <p
          class="chakra-text css-0"
        >
          2
        </p>
        <button
          aria-label="Button increase quantity"
          class="chakra-button css-p7mkev"
          type="button"
        >
          <svg
            aria-hidden="true"
            fill="#000"
            focusable="false"
            height="16"
            viewBox="0 0 16 16"
            width="16"
            xmlns="http://www.w3.org/2000/svg"
          >
            <path
              d="m12.14 8.753-5.482 4.796c-.646.566-1.658.106-1.658-.753V3.204a1 1 0 0 1 1.659-.753l5.48 4.796a1 1 0 0 1 0 1.506z"
            />
          </svg>
        </button>
      </div>
      <p
        class="chakra-text css-1nwj029"
      >
        $
        200
      </p>
      <div
        class="css-1en42kf"
      >
        <button
          aria-label="Button remove from cart"
          class="chakra-button css-p7mkev"
          type="button"
        >
          <svg
            aria-hidden="true"
            fill="#000"
            focusable="false"
            height="16"
            viewBox="0 0 16 16"
            width="16"
            xmlns="http://www.w3.org/2000/svg"
          >
            <path
              d="M5.5 5.5A.5.5 0 0 1 6 6v6a.5.5 0 0 1-1 0V6a.5.5 0 0 1 .5-.5Zm2.5 0a.5.5 0 0 1 .5.5v6a.5.5 0 0 1-1 0V6a.5.5 0 0 1 .5-.5Zm3 .5a.5.5 0 0 0-1 0v6a.5.5 0 0 0 1 0V6Z"
            />
            <path
              d="M14.5 3a1 1 0 0 1-1 1H13v9a2 2 0 0 1-2 2H5a2 2 0 0 1-2-2V4h-.5a1 1 0 0 1-1-1V2a1 1 0 0 1 1-1H6a1 1 0 0 1 1-1h2a1 1 0 0 1 1 1h3.5a1 1 0 0 1 1 1v1ZM4.118 4 4 4.059V13a1 1 0 0 0 1 1h6a1 1 0 0 0 1-1V4.059L11.882 4H4.118ZM2.5 3h11V2h-11v1Z"
            />
          </svg>
        </button>
      </div>
    </div>
  </div>
</div>
`;
