// Jest Snapshot v1, https://goo.gl/fbAQLP

exports[`RenderPage Match to snapshot 1`] = `
<div>
  <div
    class="css-1rr4qq7"
  />
</div>
`;
