// Jest Snapshot v1, https://goo.gl/fbAQLP

exports[`Wishlist Match to snapshot 1`] = `
<div>
  <div
    class="css-1jk9vzu"
  >
    <div
      class="css-1d6fzre"
    />
  </div>
</div>
`;
