// Jest Snapshot v1, https://goo.gl/fbAQLP

exports[`Details page Match to snapshot 1`] = `
<div>
  <div
    class="chakra-stack css-f25ded"
  >
    <div
      class="css-t3y40c"
    >
      <div
        class="css-1rr4qq7"
      />
      <div
        class="css-13n95wf"
      >
        <h2
          class="chakra-heading css-46oz1i"
        >
          HUNK - Toffee
        </h2>
        <p
          class="chakra-text css-1gsq3tq"
        >
          Add a spring to your step with this elegant and sleek pair of footwear! With its heavily padded ankle straps for secure footing and matted steel buckles that add flair, support and style go hand in hand with these hunk sandals
        </p>
      </div>
    </div>
    <div
      class="css-1sy0xge"
    >
      <div
        class="css-1lekzkb"
      >
        <p
          class="chakra-text css-gbfwt9"
        >
          Scroll down
        </p>
        <img
          class="chakra-image css-0"
          src="@/assets/images/social.png"
        />
      </div>
      <div
        class="chakra-stack css-32h9xz"
      >
        <div
          class="css-gmuwbf"
        >
          <button
            class="chakra-button css-1qqt8hf"
            type="button"
          >
            <p
              class="chakra-text css-s9vxsi"
            >
              Prev
            </p>
            <svg
              fill="none"
              height="12"
              width="59"
              xmlns="http://www.w3.org/2000/svg"
            >
              <path
                d="M59 6H5"
                stroke="#000"
                stroke-width="2"
              />
              <path
                d="M6 0v12L0 6l6-6Z"
                fill="#000"
              />
            </svg>
          </button>
          <button
            class="chakra-button css-1qqt8hf"
            type="button"
          >
            <p
              class="chakra-text css-s9vxsi"
            >
              Next
            </p>
            <svg
              fill="none"
              height="12"
              width="59"
              xmlns="http://www.w3.org/2000/svg"
            >
              <path
                d="M0 6h54"
                stroke="#000"
                stroke-width="2"
              />
              <path
                d="M53 12V0l6 6-6 6Z"
                fill="#000"
              />
            </svg>
          </button>
        </div>
        <div
          class="css-1dnaxzp"
        >
          <button
            aria-label="Button play video"
            class="chakra-button css-14144jg"
            type="button"
          >
            <svg
              aria-hidden="true"
              fill="#000"
              focusable="false"
              height="16"
              viewBox="0 0 16 16"
              width="16"
              xmlns="http://www.w3.org/2000/svg"
            >
              <path
                d="m12.14 8.753-5.482 4.796c-.646.566-1.658.106-1.658-.753V3.204a1 1 0 0 1 1.659-.753l5.48 4.796a1 1 0 0 1 0 1.506z"
              />
            </svg>
          </button>
          <p
            class="chakra-text css-11kk9eu"
          >
            Play video
          </p>
        </div>
        <button
          class="chakra-button css-64vxoc"
          type="button"
        >
          add to cart â€” $1599
        </button>
      </div>
    </div>
  </div>
</div>
`;
