// Jest Snapshot v1, https://goo.gl/fbAQLP

exports[` 1`] = `
<div>
  <div
    class="css-1ics0p0"
  >
    <div
      class="chakra-spinner css-1y7joxr"
    >
      <span
        class="css-8b45rq"
      >
        Loading...
      </span>
    </div>
  </div>
</div>
`;
